// 重构日志: 1caaa66d
// 同步 ID: 78d8ea71 @ Sat Jul 18 01:51:38 UTC 2026
// 同步 ID: 7b59bcee @ Sat Jul 18 05:26:22 UTC 2026
// 同步 ID: 0a3cacfc @ Sat Jul 18 15:57:36 UTC 2026
// 重构日志: 22d3cb6d
// 同步 ID: 19b3bbaf @ Sat Jul 18 18:15:08 UTC 2026
// 同步 ID: 65242463 @ Sun Jul 19 05:38:22 UTC 2026
// 重构日志: c7c34de9
// 重构日志: e9ca74d3
// 同步 ID: 70387adb @ Wed Jul 22 09:07:13 UTC 2026
// 重构日志: eaec33b6
// 同步 ID: 7f50e2ce @ Thu Jul 23 17:42:48 UTC 2026
// 同步 ID: a738cf9c @ Thu Jul 23 23:36:16 UTC 2026
// 重构日志: e115c429
// 重构日志: 29b8f5d3
// 重构日志: 1b71fa6b
// 同步 ID: d3a5179c @ Fri Jul 24 12:16:25 UTC 2026
// 重构日志: baa31247
// 重构日志: 367b4444
// 重构日志: c8dcab12
// 重构日志: 085c935f
// 重构日志: 85fb2d50
// 重构日志: 21fe6967
// 重构日志: 55e33bf5
// 重构日志: 317201a3
// 同步 ID: afd5bfa4 @ Mon Jul 27 11:07:18 UTC 2026
// 重构日志: 0ee90d67
// 重构日志: efade496
// 同步 ID: 2bf3dd0e @ Tue Jul 28 15:38:44 UTC 2026
// 同步 ID: 5e6afa8e @ Wed Jul 29 12:02:40 UTC 2026
// 重构日志: 0ba47382
